[0m11:16:17.133893 [debug] [MainThread]: Sending event: {'category': 'dbt', 'action': 'invocation', 'label': 'start', 'context': [<snowplow_tracker.self_describing_json.SelfDescribingJson object at 0x7d6c93407b30>, <snowplow_tracker.self_describing_json.SelfDescribingJson object at 0x7d6c94290d40>, <snowplow_tracker.self_describing_json.SelfDescribingJson object at 0x7d6c9527caa0>]}


============================== 11:16:17.156058 | 8aee7797-8a04-4e7e-9c9b-6bd4191c9923 ==============================
[0m11:16:17.156058 [info ] [MainThread]: Running with dbt=1.11.10
[0m11:16:17.157081 [debug] [MainThread]: running dbt with arguments {'profiles_dir': '/home/codespace/.dbt', 'empty': 'None', 'warn_error_options': 'WarnErrorOptionsV2(error=[], warn=[], silence=[])', 'log_cache_events': 'False', 'indirect_selection': 'eager', 'use_colors': 'True', 'partial_parse': 'True', 'cache_selected_only': 'False', 'quiet': 'False', 'send_anonymous_usage_stats': 'True', 'log_path': 'logs', 'target_path': 'None', 'no_print': 'None', 'version_check': 'True', 'printer_width': '80', 'write_json': 'True', 'log_format': 'default', 'debug': 'False', 'invocation_command': 'dbt init binance_analytics', 'introspect': 'True', 'use_experimental_parser': 'False', 'warn_error': 'None', 'fail_fast': 'False', 'static_parser': 'True'}
[0m11:16:17.195633 [info ] [MainThread]: Creating dbt configuration folder at /home/codespace/.dbt
[0m11:16:17.198633 [debug] [MainThread]: Starter project path: /usr/local/python/3.12.1/lib/python3.12/site-packages/dbt/include/starter_project
[0m11:16:17.215308 [info ] [MainThread]: 
Your new dbt project "binance_analytics" was created!

For more information on how to configure the profiles.yml file,
please consult the dbt documentation here:

  https://docs.getdbt.com/docs/configure-your-profile

One more thing:

Need help? Don't hesitate to reach out to us via GitHub issues or on Slack:

  https://community.getdbt.com/

Happy modeling!

[0m11:16:17.217634 [info ] [MainThread]: Setting up your profile.
[0m11:18:08.439751 [info ] [MainThread]: Profile binance_analytics written to /home/codespace/.dbt/profiles.yml using target's profile_template.yml and your supplied values. Run 'dbt debug' to validate the connection.
[0m11:18:08.441758 [debug] [MainThread]: Resource report: {"command_name": "init", "command_success": true, "command_wall_clock_time": 111.38685, "process_in_blocks": "257872", "process_kernel_time": 0.639813, "process_mem_max_rss": "230996", "process_out_blocks": "80", "process_user_time": 4.279616}
[0m11:18:08.447181 [debug] [MainThread]: Command `dbt init` succeeded at 11:18:08.443694 after 111.39 seconds
[0m11:18:08.448002 [debug] [MainThread]: Sending event: {'category': 'dbt', 'action': 'invocation', 'label': 'end', 'context': [<snowplow_tracker.self_describing_json.SelfDescribingJson object at 0x7d6c923e2f90>, <snowplow_tracker.self_describing_json.SelfDescribingJson object at 0x7d6c7be25c70>, <snowplow_tracker.self_describing_json.SelfDescribingJson object at 0x7d6c80701040>]}
[0m11:18:08.448791 [debug] [MainThread]: Flushing usage events
[0m11:18:09.502808 [debug] [MainThread]: An error was encountered while trying to flush usage events
[0m11:18:34.267668 [debug] [MainThread]: Sending event: {'category': 'dbt', 'action': 'invocation', 'label': 'start', 'context': [<snowplow_tracker.self_describing_json.SelfDescribingJson object at 0x7e1054854170>, <snowplow_tracker.self_describing_json.SelfDescribingJson object at 0x7e10547c4830>, <snowplow_tracker.self_describing_json.SelfDescribingJson object at 0x7e10520ccbc0>]}


============================== 11:18:34.277600 | 76b0770a-0230-4367-9b79-595a667a081c ==============================
[0m11:18:34.277600 [info ] [MainThread]: Running with dbt=1.11.10
[0m11:18:34.278714 [debug] [MainThread]: running dbt with arguments {'use_experimental_parser': 'False', 'fail_fast': 'False', 'warn_error': 'None', 'write_json': 'True', 'version_check': 'True', 'profiles_dir': '/home/codespace/.dbt', 'partial_parse': 'True', 'cache_selected_only': 'False', 'empty': 'None', 'quiet': 'False', 'no_print': 'None', 'target_path': 'None', 'warn_error_options': 'WarnErrorOptionsV2(error=[], warn=[], silence=[])', 'indirect_selection': 'eager', 'use_colors': 'True', 'static_parser': 'True', 'log_cache_events': 'False', 'log_path': 'logs', 'log_format': 'default', 'introspect': 'True', 'invocation_command': 'dbt debug', 'printer_width': '80', 'debug': 'False', 'send_anonymous_usage_stats': 'True'}
[0m11:18:34.304509 [info ] [MainThread]: dbt version: 1.11.10
[0m11:18:34.305562 [info ] [MainThread]: python version: 3.12.1
[0m11:18:34.306428 [info ] [MainThread]: python path: /usr/local/python/3.12.1/bin/python3
[0m11:18:34.307292 [info ] [MainThread]: os info: Linux-6.8.0-1044-azure-x86_64-with-glibc2.39
[0m11:18:36.388825 [info ] [MainThread]: Using profiles dir at /home/codespace/.dbt
[0m11:18:36.389571 [info ] [MainThread]: Using profiles.yml file at /home/codespace/.dbt/profiles.yml
[0m11:18:36.390229 [info ] [MainThread]: Using dbt_project.yml file at /workspaces/end-to-end-data-platform/dbt/dbt_project.yml
[0m11:18:36.390770 [info ] [MainThread]: adapter type: bigquery
[0m11:18:36.391327 [info ] [MainThread]: adapter version: 1.8.2
[0m11:18:36.391873 [info ] [MainThread]: Configuration:
[0m11:18:36.392423 [info ] [MainThread]:   profiles.yml file [[32mOK found and valid[0m]
[0m11:18:36.392931 [info ] [MainThread]:   dbt_project.yml file [[31mERROR not found[0m]
[0m11:18:36.393460 [info ] [MainThread]: Required dependencies:
[0m11:18:36.394008 [debug] [MainThread]: Executing "git --help"
[0m11:18:36.399640 [debug] [MainThread]: STDOUT: "b"usage: git [-v | --version] [-h | --help] [-C <path>] [-c <name>=<value>]\n           [--exec-path[=<path>]] [--html-path] [--man-path] [--info-path]\n           [-p | --paginate | -P | --no-pager] [--no-replace-objects] [--no-lazy-fetch]\n           [--no-optional-locks] [--no-advice] [--bare] [--git-dir=<path>]\n           [--work-tree=<path>] [--namespace=<name>] [--config-env=<name>=<envvar>]\n           <command> [<args>]\n\nThese are common Git commands used in various situations:\n\nstart a working area (see also: git help tutorial)\n   clone      Clone a repository into a new directory\n   init       Create an empty Git repository or reinitialize an existing one\n\nwork on the current change (see also: git help everyday)\n   add        Add file contents to the index\n   mv         Move or rename a file, a directory, or a symlink\n   restore    Restore working tree files\n   rm         Remove files from the working tree and from the index\n\nexamine the history and state (see also: git help revisions)\n   bisect     Use binary search to find the commit that introduced a bug\n   diff       Show changes between commits, commit and working tree, etc\n   grep       Print lines matching a pattern\n   log        Show commit logs\n   show       Show various types of objects\n   status     Show the working tree status\n\ngrow, mark and tweak your common history\n   backfill   Download missing objects in a partial clone\n   branch     List, create, or delete branches\n   commit     Record changes to the repository\n   merge      Join two or more development histories together\n   rebase     Reapply commits on top of another base tip\n   reset      Set `HEAD` or the index to a known state\n   switch     Switch branches\n   tag        Create, list, delete or verify tags\n\ncollaborate (see also: git help workflows)\n   fetch      Download objects and refs from another repository\n   pull       Fetch from and integrate with another repository or a local branch\n   push       Update remote refs along with associated objects\n\n'git help -a' and 'git help -g' list available subcommands and some\nconcept guides. See 'git help <command>' or 'git help <concept>'\nto read about a specific subcommand or concept.\nSee 'git help git' for an overview of the system.\n""
[0m11:18:36.400527 [debug] [MainThread]: STDERR: "b''"
[0m11:18:36.400997 [info ] [MainThread]:  - git [[32mOK found[0m]

[0m11:18:36.401520 [info ] [MainThread]: Connection:
[0m11:18:36.402089 [info ] [MainThread]:   method: service-account
[0m11:18:36.402622 [info ] [MainThread]:   database: market-data-platform-496706
[0m11:18:36.403151 [info ] [MainThread]:   execution_project: market-data-platform-496706
[0m11:18:36.403651 [info ] [MainThread]:   schema: binance_data
[0m11:18:36.404166 [info ] [MainThread]:   location: US
[0m11:18:36.404665 [info ] [MainThread]:   priority: interactive
[0m11:18:36.405208 [info ] [MainThread]:   maximum_bytes_billed: None
[0m11:18:36.405712 [info ] [MainThread]:   impersonate_service_account: None
[0m11:18:36.406313 [info ] [MainThread]:   job_retry_deadline_seconds: None
[0m11:18:36.406968 [info ] [MainThread]:   job_retries: 1
[0m11:18:36.407680 [info ] [MainThread]:   job_creation_timeout_seconds: None
[0m11:18:36.408779 [info ] [MainThread]:   job_execution_timeout_seconds: 300
[0m11:18:36.409753 [info ] [MainThread]:   timeout_seconds: 300
[0m11:18:36.410511 [info ] [MainThread]:   client_id: None
[0m11:18:36.411350 [info ] [MainThread]:   token_uri: None
[0m11:18:36.412091 [info ] [MainThread]:   dataproc_region: None
[0m11:18:36.412803 [info ] [MainThread]:   dataproc_cluster_name: None
[0m11:18:36.413539 [info ] [MainThread]:   gcs_bucket: None
[0m11:18:36.414313 [info ] [MainThread]:   dataproc_batch: None
[0m11:18:36.415288 [info ] [MainThread]: Registered adapter: bigquery=1.8.2
[0m11:18:36.903906 [debug] [MainThread]: Acquiring new bigquery connection 'debug'
[0m11:18:36.904800 [debug] [MainThread]: Opening a new connection, currently in state init
[0m11:18:36.905663 [debug] [MainThread]: BigQuery adapter: Got an error when attempting to create a bigquery client: '[Errno 2] No such file or directory: '830569fefd433b2eac918824109e092d78caec80''
[0m11:18:36.906432 [info ] [MainThread]:   Connection test: [[31mERROR[0m]

[0m11:18:36.907129 [info ] [MainThread]: [31m2 checks failed:[0m
[0m11:18:36.907686 [info ] [MainThread]: Project loading failed for the following reason:
 project path </workspaces/end-to-end-data-platform/dbt/dbt_project.yml> not found

[0m11:18:36.908263 [info ] [MainThread]: dbt was unable to connect to the specified database.
The database returned the following error:

  >Database Error
  [Errno 2] No such file or directory: '830569fefd433b2eac918824109e092d78caec80'

Check your database credentials and try again. For more information, visit:
https://docs.getdbt.com/docs/configure-your-profile


[0m11:18:36.909230 [debug] [MainThread]: Resource report: {"command_name": "debug", "command_success": false, "command_wall_clock_time": 2.726487, "process_in_blocks": "98248", "process_kernel_time": 0.653521, "process_mem_max_rss": "235776", "process_out_blocks": "24", "process_user_time": 4.426256}
[0m11:18:36.910445 [debug] [MainThread]: Command `dbt debug` failed at 11:18:36.910326 after 2.73 seconds
[0m11:18:36.910972 [debug] [MainThread]: Connection 'debug' was properly closed.
[0m11:18:36.911746 [debug] [MainThread]: Sending event: {'category': 'dbt', 'action': 'invocation', 'label': 'end', 'context': [<snowplow_tracker.self_describing_json.SelfDescribingJson object at 0x7e1051cec6b0>, <snowplow_tracker.self_describing_json.SelfDescribingJson object at 0x7e103b252090>, <snowplow_tracker.self_describing_json.SelfDescribingJson object at 0x7e1053f132f0>]}
[0m11:18:36.912590 [debug] [MainThread]: Flushing usage events
[0m11:18:37.866327 [debug] [MainThread]: An error was encountered while trying to flush usage events
